196.51.61.222 - - [26/Feb/2024:10:38:30 +0100] "GET /reddit/search/comment/?since=1707688472&until=1707688474&size=100 HTTP/1.1" 200 189598 "-" "Python/3.9 aiohttp/3.9.3"
196.51.61.222 - - [26/Feb/2024:10:38:30 +0100] "GET /reddit/search/comment/?since=1707688472&until=1707688474&size=100 HTTP/1.1" 429 189598 "-" "Python/3.9 aiohttp/3.9.3"
196.51.61.222 - - [26/Feb/2024:10:38:30 +0100] "GET /reddit/search/comment/?since=1707688472&until=1707688474&size=100 HTTP/1.1" 500 189598 "-" "Python/3.9 aiohttp/3.9.3"
196.51.61.222 - - [26/Feb/2024:10:38:30 +0100] "GET /reddit/search/comment/?since=1707688472&until=1707688474&size=100 HTTP/1.1" 401 189598 "-" "Python/3.9 aiohttp/3.9.3"